// Jest Snapshot v1, https://goo.gl/fbAQLP

exports[`Teste de snapshot Snapshot de App 1`] = `
<RNCSafeAreaProvider
  onInsetsChange={[Function]}
  style={
    Array [
      Object {
        "flex": 1,
      },
      undefined,
    ]
  }
>
  <RNSScreenStack
    style={
      Object {
        "flex": 1,
      }
    }
  >
    <RNSScreen
      collapsable={false}
      forwardedRef={[Function]}
      onAppear={[Function]}
      onDisappear={[Function]}
      onDismissed={[Function]}
      onTransitionProgress={[Function]}
      onWillDisappear={[Function]}
      replaceAnimation="push"
      stackPresentation="push"
      style={
        Object {
          "bottom": 0,
          "left": 0,
          "position": "absolute",
          "right": 0,
          "top": 0,
        }
      }
    >
      <RNSScreenStackHeaderConfig
        backButtonInCustomView={false}
        backgroundColor="rgb(255, 255, 255)"
        color="rgb(0, 122, 255)"
        direction="ltr"
        disableBackButtonMenu={false}
        hidden={false}
        hideBackButton={false}
        largeTitleHideShadow={false}
        title="Home"
        titleColor="rgb(28, 28, 30)"
        topInsetEnabled={false}
        translucent={false}
      />
      <View
        style={
          Array [
            Object {
              "flex": 1,
            },
            Object {
              "backgroundColor": "rgb(242, 242, 242)",
            },
            undefined,
          ]
        }
      >
        <View
          style={
            Object {
              "alignItems": "center",
              "backgroundColor": "#fff",
              "flex": 1,
            }
          }
        >
          <Image
            source={1}
            style={
              Object {
                "marginHorizontal": "auto",
              }
            }
          />
          <Text
            style={
              Object {
                "fontFamily": "Cursive",
                "fontSize": 30,
                "fontWeight": "bold",
                "marginVertical": 20,
                "textAlign": "center",
              }
            }
          >
            Calculadora de notas
          </Text>
          <View
            accessible={true}
            focusable={true}
            onClick={[Function]}
            onResponderGrant={[Function]}
            onResponderMove={[Function]}
            onResponderRelease={[Function]}
            onResponderTerminate={[Function]}
            onResponderTerminationRequest={[Function]}
            onStartShouldSetResponder={[Function]}
            style={
              Object {
                "alignItems": "center",
                "backgroundColor": "#f05",
                "borderBottomEndRadius": 20,
                "borderTopEndRadius": 20,
                "borderWidth": 1,
                "height": 70,
                "justifyContent": "center",
                "margin": "auto",
                "marginVertical": 30,
                "padding": 10,
                "width": 200,
              }
            }
            testID="btnTelaCalcMedio"
          >
            <Text
              style={
                Object {
                  "color": "#fff",
                  "fontFamily": "Cursive",
                  "fontSize": 20,
                  "fontWeight": "bold",
                }
              }
            >
              Médio➗Técnico
            </Text>
          </View>
          <View
            accessible={true}
            focusable={true}
            onClick={[Function]}
            onResponderGrant={[Function]}
            onResponderMove={[Function]}
            onResponderRelease={[Function]}
            onResponderTerminate={[Function]}
            onResponderTerminationRequest={[Function]}
            onStartShouldSetResponder={[Function]}
            style={
              Object {
                "alignItems": "center",
                "backgroundColor": "#f05",
                "borderBottomEndRadius": 20,
                "borderTopEndRadius": 20,
                "borderWidth": 1,
                "height": 70,
                "justifyContent": "center",
                "margin": "auto",
                "marginVertical": 30,
                "padding": 10,
                "width": 200,
              }
            }
            testID="btnTelaCalcSuperior"
          >
            <Text
              style={
                Object {
                  "color": "#fff",
                  "fontFamily": "Cursive",
                  "fontSize": 20,
                  "fontWeight": "bold",
                }
              }
            >
              ➕Superior
            </Text>
          </View>
          <View
            accessible={true}
            focusable={true}
            onClick={[Function]}
            onResponderGrant={[Function]}
            onResponderMove={[Function]}
            onResponderRelease={[Function]}
            onResponderTerminate={[Function]}
            onResponderTerminationRequest={[Function]}
            onStartShouldSetResponder={[Function]}
            style={
              Object {
                "alignItems": "center",
                "backgroundColor": "#f05",
                "borderBottomEndRadius": 20,
                "borderTopEndRadius": 20,
                "borderWidth": 1,
                "height": 70,
                "justifyContent": "center",
                "margin": "auto",
                "marginVertical": 30,
                "padding": 10,
                "width": 200,
              }
            }
            testID="btnTelaSobre"
          >
            <Text
              style={
                Object {
                  "color": "#fff",
                  "fontFamily": "Cursive",
                  "fontSize": 20,
                  "fontWeight": "bold",
                }
              }
            >
              ❕Sobre
            </Text>
          </View>
        </View>
      </View>
    </RNSScreen>
  </RNSScreenStack>
</RNCSafeAreaProvider>
`;
