// Jest Snapshot v1, https://goo.gl/fbAQLP

exports[`Teste de Snapshot Snapshot de Sobre 1`] = `
<View
  style={
    Object {
      "flex": 1,
      "padding": 10,
    }
  }
  testID="btnview"
>
  <Text
    style={
      Object {
        "fontSize": 15,
        "marginVertical": 10,
      }
    }
  >
    Bem vindo a calculadora de notas do IFRN
  </Text>
  <Text>
    para o calculo, usa-se média ponderada. 
  </Text>
  <Text
    style={
      Object {
        "fontSize": 15,
        "marginVertical": 10,
      }
    }
  >
    Caso esteja no ensino medio ou tecnico, possuindo 4 notas, a duas primeiras notas tem peso 2 e as duas ultimas peso 3. Com a soma das notas depois do calculo do peso, dividido pelo peso total, que no caso seria a soma de todos os pesos, resultando em 10, ou seja:
  </Text>
  <Text
    style={
      Object {
        "fontSize": 15,
        "marginVertical": 10,
      }
    }
  >
    ((B1 * 2) + (B2 * 2) + (B3 * 3) + (B4 * 3)) / 10
  </Text>
  <Text
    style={
      Object {
        "fontSize": 15,
        "marginVertical": 10,
      }
    }
  >
    Para os cursos superiores, segue a mesma lógica, mas com apenas duas notas bimestrais, com peso total de 5, ou seja:
  </Text>
  <Text
    style={
      Object {
        "fontSize": 15,
        "marginVertical": 10,
      }
    }
  >
    ((B1 * 2) + (B2 * 3)) / 5 
  </Text>
</View>
`;
